2026-01-13 20:08:24 | INFO | P01 | =================
2026-01-13 20:08:24 | INFO | P01 | === RUN START ===
2026-01-13 20:08:24 | INFO | P01 | project=Foundations of Professional Python
2026-01-13 20:08:24 | INFO | P01 | repo_dir=datafun-01-utils-again
2026-01-13 20:08:24 | INFO | P01 | python=3.14.2
2026-01-13 20:08:24 | INFO | P01 | os=Windows 10
2026-01-13 20:08:24 | INFO | P01 | shell=powershell
2026-01-13 20:08:24 | INFO | P01 | cwd=.
2026-01-13 20:08:24 | INFO | P01 | github_actions=False
2026-01-13 20:08:24 | INFO | P01 | =================
2026-01-13 20:08:24 | INFO | P01 | START main()..................
2026-01-13 20:08:24 | INFO | P01 | Generated formatted multi-line SUMMARY string.
2026-01-13 20:08:24 | INFO | P01 | Returning the str to the calling function.
2026-01-13 20:08:24 | INFO | P01 | 
    Course Information:
        Course name: Data Analytics Fundamentals
        Course number: 608
        Course hrs/wk: 20.00
        Assumes prior experience: False
        Uses Professional Python: True
        Helpful traits: ['patience', 'curiosity', 'humor', 'tenacity']
    
2026-01-13 20:08:24 | INFO | P01 | Generated formatted multi-line SUMMARY string.
2026-01-13 20:08:24 | INFO | P01 | Returning the str to the calling function.
2026-01-13 20:08:24 | INFO | P01 | 
    Descriptive Statistics for Snowfall (inches):
        Total snowfall: 22.50 inches
        Count of measurements: 5
        Minimum snowfall: 2.50 inches
        Maximum snowfall: 6.50 inches
        Average snowfall: 4.50 inches
        Standard deviation: 1.58 inches
    
2026-01-13 20:08:24 | INFO | P01 | END main()..................
2026-01-13 20:08:41 | INFO | P01 | =================
2026-01-13 20:08:41 | INFO | P01 | === RUN START ===
2026-01-13 20:08:41 | INFO | P01 | project=Foundations of Professional Python
2026-01-13 20:08:41 | INFO | P01 | repo_dir=datafun-01-utils-again
2026-01-13 20:08:41 | INFO | P01 | python=3.14.2
2026-01-13 20:08:41 | INFO | P01 | os=Windows 10
2026-01-13 20:08:41 | INFO | P01 | shell=powershell
2026-01-13 20:08:41 | INFO | P01 | cwd=.
2026-01-13 20:08:41 | INFO | P01 | github_actions=False
2026-01-13 20:08:41 | INFO | P01 | =================
2026-01-13 20:08:41 | INFO | P01 | START main()..................
2026-01-13 20:08:41 | INFO | P01 | Generated formatted multi-line SUMMARY string.
2026-01-13 20:08:41 | INFO | P01 | Returning the str to the calling function.
2026-01-13 20:08:41 | INFO | P01 | 
    Custom Information:
        Company name: DataFun Analytics
        Employee count: 150
        TODO: Add your other global variables below:





    
2026-01-13 20:08:41 | INFO | P01 | Generated formatted multi-line SUMMARY string.
2026-01-13 20:08:41 | INFO | P01 | Returning the str to the calling function.
2026-01-13 20:08:41 | INFO | P01 | 
    Descriptive Statistics for Snowfall (inches):
        Total snowfall: 22.50 inches
        TODO: Add your count of measurements below:

        TODO: Add your minimum and maximum snowfall below:

        Average snowfall: 4.50 inches
        TODO: Add your standard deviation below:

    
2026-01-13 20:08:41 | INFO | P01 | END main()..................
2026-01-13 20:09:12 | INFO | P01 | Generated formatted multi-line SUMMARY string.
2026-01-13 20:09:12 | INFO | P01 | Returning the str to the calling function.
2026-01-13 20:32:14 | INFO | P01 | =================
2026-01-13 20:32:14 | INFO | P01 | === RUN START ===
2026-01-13 20:32:14 | INFO | P01 | project=Foundations of Professional Python
2026-01-13 20:32:14 | INFO | P01 | repo_dir=datafun-01-utils-again
2026-01-13 20:32:14 | INFO | P01 | python=3.14.2
2026-01-13 20:32:14 | INFO | P01 | os=Windows 10
2026-01-13 20:32:14 | INFO | P01 | shell=powershell
2026-01-13 20:32:14 | INFO | P01 | cwd=.
2026-01-13 20:32:14 | INFO | P01 | github_actions=False
2026-01-13 20:32:14 | INFO | P01 | =================
2026-01-13 20:32:14 | INFO | P01 | START main()..................
2026-01-13 20:32:14 | INFO | P01 | Generated formatted multi-line SUMMARY string.
2026-01-13 20:32:14 | INFO | P01 | Returning the str to the calling function.
2026-01-13 20:32:14 | INFO | P01 | 
    Custom Information:
        Company name: DataFun Analytics
        Employee count: 150
        TODO: Add your other global variables below:





    
2026-01-13 20:32:14 | INFO | P01 | Generated formatted multi-line SUMMARY string.
2026-01-13 20:32:14 | INFO | P01 | Returning the str to the calling function.
2026-01-13 20:32:14 | INFO | P01 | 
    Descriptive Statistics for Snowfall (inches):
        Total snowfall: 22.50 inches
        TODO: Add your count of measurements below:

        TODO: Add your minimum and maximum snowfall below:

        Average snowfall: 4.50 inches
        TODO: Add your standard deviation below:

    
2026-01-13 20:32:14 | INFO | P01 | END main()..................
2026-01-13 20:56:48 | INFO | P01 | =================
2026-01-13 20:56:48 | INFO | P01 | === RUN START ===
2026-01-13 20:56:48 | INFO | P01 | project=Foundations of Professional Python
2026-01-13 20:56:48 | INFO | P01 | repo_dir=datafun-01-utils-again
2026-01-13 20:56:48 | INFO | P01 | python=3.14.2
2026-01-13 20:56:48 | INFO | P01 | os=Windows 10
2026-01-13 20:56:48 | INFO | P01 | shell=powershell
2026-01-13 20:56:48 | INFO | P01 | cwd=.
2026-01-13 20:56:48 | INFO | P01 | github_actions=False
2026-01-13 20:56:48 | INFO | P01 | =================
2026-01-13 20:56:48 | INFO | P01 | START main()..................
2026-01-13 20:56:48 | INFO | P01 | Generated formatted multi-line SUMMARY string.
2026-01-13 20:56:48 | INFO | P01 | Returning the str to the calling function.
2026-01-13 20:56:48 | INFO | P01 | 
    Custom Information:
        Company name: DataFun Analytics
        Employee count: 150
        TODO: Add your other global variables below:





    
2026-01-13 20:56:48 | INFO | P01 | Generated formatted multi-line SUMMARY string.
2026-01-13 20:56:48 | INFO | P01 | Returning the str to the calling function.
2026-01-13 20:56:48 | INFO | P01 | 
    Descriptive Statistics for Snowfall (inches):
        Total snowfall: 22.50 inches
        TODO: Add your count of measurements below:

        TODO: Add your minimum and maximum snowfall below:

        Average snowfall: 4.50 inches
        TODO: Add your standard deviation below:

    
2026-01-13 20:56:48 | INFO | P01 | END main()..................
2026-01-13 21:00:01 | INFO | P01 | =================
2026-01-13 21:00:01 | INFO | P01 | === RUN START ===
2026-01-13 21:00:01 | INFO | P01 | project=Foundations of Professional Python
2026-01-13 21:00:01 | INFO | P01 | repo_dir=datafun-01-utils-again
2026-01-13 21:00:01 | INFO | P01 | python=3.14.2
2026-01-13 21:00:01 | INFO | P01 | os=Windows 10
2026-01-13 21:00:01 | INFO | P01 | shell=powershell
2026-01-13 21:00:01 | INFO | P01 | cwd=.
2026-01-13 21:00:01 | INFO | P01 | github_actions=False
2026-01-13 21:00:01 | INFO | P01 | =================
2026-01-13 21:00:01 | INFO | P01 | START main()..................
2026-01-13 21:00:01 | INFO | P01 | Generated formatted multi-line SUMMARY string.
2026-01-13 21:00:01 | INFO | P01 | Returning the str to the calling function.
2026-01-13 21:00:01 | INFO | P01 | 
    Custom Information:
        Company name: DataFun Analytics
        Employee count: 150
        TODO: Add your other global variables below:





    
2026-01-13 21:00:01 | INFO | P01 | Generated formatted multi-line SUMMARY string.
2026-01-13 21:00:01 | INFO | P01 | Returning the str to the calling function.
2026-01-13 21:00:01 | INFO | P01 | 
    Descriptive Statistics for Snowfall (inches):
        Total snowfall: 22.50 inches
        TODO: Add your count of measurements below:

        TODO: Add your minimum and maximum snowfall below:

        Average snowfall: 4.50 inches
        TODO: Add your standard deviation below:

    
2026-01-13 21:00:01 | INFO | P01 | END main()..................
2026-01-13 21:03:59 | INFO | P01 | =================
2026-01-13 21:03:59 | INFO | P01 | === RUN START ===
2026-01-13 21:03:59 | INFO | P01 | project=Foundations of Professional Python
2026-01-13 21:03:59 | INFO | P01 | repo_dir=datafun-01-utils-again
2026-01-13 21:03:59 | INFO | P01 | python=3.14.2
2026-01-13 21:04:00 | INFO | P01 | os=Windows 10
2026-01-13 21:04:00 | INFO | P01 | shell=powershell
2026-01-13 21:04:00 | INFO | P01 | cwd=.
2026-01-13 21:04:00 | INFO | P01 | github_actions=False
2026-01-13 21:04:00 | INFO | P01 | =================
2026-01-13 21:04:00 | INFO | P01 | START main()..................
2026-01-13 21:04:00 | INFO | P01 | Generated formatted multi-line SUMMARY string.
2026-01-13 21:04:00 | INFO | P01 | Returning the str to the calling function.
2026-01-13 21:04:00 | INFO | P01 | 
    Custom Information:
        Company name: DataFun Analytics
        Employee count: 150
        TODO: Add your other global variables below:





    
2026-01-13 21:04:00 | INFO | P01 | Generated formatted multi-line SUMMARY string.
2026-01-13 21:04:00 | INFO | P01 | Returning the str to the calling function.
2026-01-13 21:04:00 | INFO | P01 | 
    Descriptive Statistics for Snowfall (inches):
        Total snowfall: 22.50 inches
        TODO: Add your count of measurements below:

        TODO: Add your minimum and maximum snowfall below:

        Average snowfall: 4.50 inches
        TODO: Add your standard deviation below:

    
2026-01-13 21:04:00 | INFO | P01 | END main()..................
2026-01-13 21:05:01 | INFO | P01 | =================
2026-01-13 21:05:01 | INFO | P01 | === RUN START ===
2026-01-13 21:05:01 | INFO | P01 | project=Foundations of Professional Python
2026-01-13 21:05:01 | INFO | P01 | repo_dir=datafun-01-utils-again
2026-01-13 21:05:01 | INFO | P01 | python=3.14.2
2026-01-13 21:05:01 | INFO | P01 | os=Windows 10
2026-01-13 21:05:01 | INFO | P01 | shell=powershell
2026-01-13 21:05:01 | INFO | P01 | cwd=.
2026-01-13 21:05:01 | INFO | P01 | github_actions=False
2026-01-13 21:05:01 | INFO | P01 | =================
2026-01-13 21:05:01 | INFO | P01 | START main()..................
2026-01-13 21:05:01 | INFO | P01 | Generated formatted multi-line SUMMARY string.
2026-01-13 21:05:01 | INFO | P01 | Returning the str to the calling function.
2026-01-13 21:05:01 | INFO | P01 | 
    Custom Information:
        Company name: DataFun Analytics
        Employee count: 150
        city: Milwaukee
        population_count: 563531
        days_until_summer: 155.5
        summer_is_too_far: True
        city_culture: ['diverse', 'Brewers', 'beer', 'fish fries', 'construction']


    
2026-01-13 21:05:01 | INFO | P01 | Generated formatted multi-line SUMMARY string.
2026-01-13 21:05:01 | INFO | P01 | Returning the str to the calling function.
2026-01-13 21:05:01 | INFO | P01 | 
    Descriptive Statistics for Snowfall (inches):
        Total snowfall: 22.50 inches
        TODO: Add your count of measurements below:

        TODO: Add your minimum and maximum snowfall below:

        Average snowfall: 4.50 inches
        TODO: Add your standard deviation below:

    
2026-01-13 21:05:01 | INFO | P01 | END main()..................
2026-01-13 21:11:06 | INFO | P01 | =================
2026-01-13 21:11:06 | INFO | P01 | === RUN START ===
2026-01-13 21:11:06 | INFO | P01 | project=Foundations of Professional Python
2026-01-13 21:11:06 | INFO | P01 | repo_dir=datafun-01-utils-again
2026-01-13 21:11:06 | INFO | P01 | python=3.14.2
2026-01-13 21:11:06 | INFO | P01 | os=Windows 10
2026-01-13 21:11:06 | INFO | P01 | shell=powershell
2026-01-13 21:11:06 | INFO | P01 | cwd=.
2026-01-13 21:11:06 | INFO | P01 | github_actions=False
2026-01-13 21:11:06 | INFO | P01 | =================
2026-01-13 21:11:06 | INFO | P01 | START main()..................
2026-01-13 21:11:06 | INFO | P01 | Generated formatted multi-line SUMMARY string.
2026-01-13 21:11:06 | INFO | P01 | Returning the str to the calling function.
2026-01-13 21:11:06 | INFO | P01 | 
    Custom Information:
        Company name: DataFun Analytics
        Employee count: 150
        City: Milwaukee
        Population count: 563531
        Days until summer break from work: 155.5
        Summer is too far: True
        City Culture: ['diverse', 'Brewers', 'beer', 'fish fries', 'construction']
    
2026-01-13 21:11:06 | INFO | P01 | Generated formatted multi-line SUMMARY string.
2026-01-13 21:11:06 | INFO | P01 | Returning the str to the calling function.
2026-01-13 21:11:06 | INFO | P01 | 
    Descriptive Statistics for Snowfall (inches):
        Total snowfall: 22.50 inches
        TODO: Add your count of measurements below:

        TODO: Add your minimum and maximum snowfall below:

        Average snowfall: 4.50 inches
        TODO: Add your standard deviation below:

    
2026-01-13 21:11:06 | INFO | P01 | END main()..................
2026-01-13 21:17:09 | INFO | P01 | =================
2026-01-13 21:17:09 | INFO | P01 | === RUN START ===
2026-01-13 21:17:09 | INFO | P01 | project=Foundations of Professional Python
2026-01-13 21:17:09 | INFO | P01 | repo_dir=datafun-01-utils-again
2026-01-13 21:17:09 | INFO | P01 | python=3.14.2
2026-01-13 21:17:09 | INFO | P01 | os=Windows 10
2026-01-13 21:17:09 | INFO | P01 | shell=powershell
2026-01-13 21:17:09 | INFO | P01 | cwd=.
2026-01-13 21:17:09 | INFO | P01 | github_actions=False
2026-01-13 21:17:09 | INFO | P01 | =================
2026-01-13 21:17:09 | INFO | P01 | START main()..................
2026-01-13 21:17:09 | INFO | P01 | Generated formatted multi-line SUMMARY string.
2026-01-13 21:17:09 | INFO | P01 | Returning the str to the calling function.
2026-01-13 21:17:09 | INFO | P01 | 
    Custom Information:
        Company name: DataFun Analytics
        Employee count: 150
        City: Milwaukee
        Population count: 563531
        Days until summer break from work: 155.5
        Summer is too far: True
        City Culture: ['diverse', 'Brewers', 'beer', 'fish fries', 'construction']
    
2026-01-13 21:19:29 | INFO | P01 | =================
2026-01-13 21:19:29 | INFO | P01 | === RUN START ===
2026-01-13 21:19:29 | INFO | P01 | project=Foundations of Professional Python
2026-01-13 21:19:29 | INFO | P01 | repo_dir=datafun-01-utils-again
2026-01-13 21:19:29 | INFO | P01 | python=3.14.2
2026-01-13 21:19:29 | INFO | P01 | os=Windows 10
2026-01-13 21:19:29 | INFO | P01 | shell=powershell
2026-01-13 21:19:29 | INFO | P01 | cwd=.
2026-01-13 21:19:29 | INFO | P01 | github_actions=False
2026-01-13 21:19:29 | INFO | P01 | =================
2026-01-13 21:19:29 | INFO | P01 | START main()..................
2026-01-13 21:19:29 | INFO | P01 | Generated formatted multi-line SUMMARY string.
2026-01-13 21:19:29 | INFO | P01 | Returning the str to the calling function.
2026-01-13 21:19:29 | INFO | P01 | 
    Custom Information:
        Company name: DataFun Analytics
        Employee count: 150
        City: Milwaukee
        Population count: 563531
        Days until summer break from work: 155.5
        Summer is too far: True
        City Culture: ['diverse', 'Brewers', 'beer', 'fish fries', 'construction']
    
2026-01-13 21:19:29 | INFO | P01 | Generated formatted multi-line SUMMARY string.
2026-01-13 21:19:29 | INFO | P01 | Returning the str to the calling function.
2026-01-13 21:19:29 | INFO | P01 | 
    Descriptive Statistics for Snowfall (inches):
        Total snowfall: 21.90 inches
        TODO: Add your count of measurements below:
        Measurement Count: 5
        TODO: Add your minimum and maximum snowfall below:
        Maximum snowfall: 6.5
        Minimum snowfall: 2.5
        Average snowfall: 4.38 inches
        TODO: Add your standard deviation below:
        Standard Deviation of measurements: 1.6037456157383565

    
2026-01-13 21:19:29 | INFO | P01 | END main()..................
2026-01-13 21:20:03 | INFO | P01 | =================
2026-01-13 21:20:03 | INFO | P01 | === RUN START ===
2026-01-13 21:20:03 | INFO | P01 | project=Foundations of Professional Python
2026-01-13 21:20:03 | INFO | P01 | repo_dir=datafun-01-utils-again
2026-01-13 21:20:03 | INFO | P01 | python=3.14.2
2026-01-13 21:20:04 | INFO | P01 | os=Windows 10
2026-01-13 21:20:04 | INFO | P01 | shell=powershell
2026-01-13 21:20:04 | INFO | P01 | cwd=.
2026-01-13 21:20:04 | INFO | P01 | github_actions=False
2026-01-13 21:20:04 | INFO | P01 | =================
2026-01-13 21:20:04 | INFO | P01 | START main()..................
2026-01-13 21:20:04 | INFO | P01 | Generated formatted multi-line SUMMARY string.
2026-01-13 21:20:04 | INFO | P01 | Returning the str to the calling function.
2026-01-13 21:20:04 | INFO | P01 | 
    Custom Information:
        Company name: DataFun Analytics
        Employee count: 150
        City: Milwaukee
        Population count: 563531
        Days until summer break from work: 155.5
        Summer is too far: True
        City Culture: ['diverse', 'Brewers', 'beer', 'fish fries', 'construction']
    
2026-01-13 21:20:04 | INFO | P01 | Generated formatted multi-line SUMMARY string.
2026-01-13 21:20:04 | INFO | P01 | Returning the str to the calling function.
2026-01-13 21:20:04 | INFO | P01 | 
    Descriptive Statistics for Snowfall (inches):
        Total snowfall: 21.90 inches
        TODO: Add your count of measurements below:
        Measurement Count: 5
        TODO: Add your minimum and maximum snowfall below:
        Maximum snowfall: 6.5
        Minimum snowfall: 2.5
        Average snowfall: 4.38 inches
        TODO: Add your standard deviation below:
        Standard Deviation of measurements: 3.1068472765811967

    
2026-01-13 21:20:04 | INFO | P01 | END main()..................
2026-01-13 21:21:11 | INFO | P01 | =================
2026-01-13 21:21:11 | INFO | P01 | === RUN START ===
2026-01-13 21:21:11 | INFO | P01 | project=Foundations of Professional Python
2026-01-13 21:21:11 | INFO | P01 | repo_dir=datafun-01-utils-again
2026-01-13 21:21:11 | INFO | P01 | python=3.14.2
2026-01-13 21:21:11 | INFO | P01 | os=Windows 10
2026-01-13 21:21:11 | INFO | P01 | shell=powershell
2026-01-13 21:21:11 | INFO | P01 | cwd=.
2026-01-13 21:21:11 | INFO | P01 | github_actions=False
2026-01-13 21:21:11 | INFO | P01 | =================
2026-01-13 21:21:11 | INFO | P01 | START main()..................
2026-01-13 21:21:11 | INFO | P01 | Generated formatted multi-line SUMMARY string.
2026-01-13 21:21:11 | INFO | P01 | Returning the str to the calling function.
2026-01-13 21:21:11 | INFO | P01 | 
    Custom Information:
        Company name: DataFun Analytics
        Employee count: 150
        City: Milwaukee
        Population count: 563531
        Days until summer break from work: 155.5
        Summer is too far: True
        City Culture: ['diverse', 'Brewers', 'beer', 'fish fries', 'construction']
    
2026-01-13 21:21:11 | INFO | P01 | Generated formatted multi-line SUMMARY string.
2026-01-13 21:21:11 | INFO | P01 | Returning the str to the calling function.
2026-01-13 21:21:11 | INFO | P01 | 
    Descriptive Statistics for Snowfall (inches):
        Total snowfall: 21.90 inches
        TODO: Add your count of measurements below:
        Measurement Count: 5
        TODO: Add your minimum and maximum snowfall below:
        Maximum snowfall: 6.5
        Minimum snowfall: 2.5
        Average snowfall: 4.38 inches
        TODO: Add your standard deviation below:
        Standard Deviation of measurements: 1.6

    
2026-01-13 21:21:11 | INFO | P01 | END main()..................
2026-01-13 21:21:22 | INFO | P01 | =================
2026-01-13 21:21:22 | INFO | P01 | === RUN START ===
2026-01-13 21:21:22 | INFO | P01 | project=Foundations of Professional Python
2026-01-13 21:21:22 | INFO | P01 | repo_dir=datafun-01-utils-again
2026-01-13 21:21:22 | INFO | P01 | python=3.14.2
2026-01-13 21:21:22 | INFO | P01 | os=Windows 10
2026-01-13 21:21:22 | INFO | P01 | shell=powershell
2026-01-13 21:21:22 | INFO | P01 | cwd=.
2026-01-13 21:21:22 | INFO | P01 | github_actions=False
2026-01-13 21:21:22 | INFO | P01 | =================
2026-01-13 21:21:22 | INFO | P01 | START main()..................
2026-01-13 21:21:22 | INFO | P01 | Generated formatted multi-line SUMMARY string.
2026-01-13 21:21:22 | INFO | P01 | Returning the str to the calling function.
2026-01-13 21:21:22 | INFO | P01 | 
    Custom Information:
        Company name: DataFun Analytics
        Employee count: 150
        City: Milwaukee
        Population count: 563531
        Days until summer break from work: 155.5
        Summer is too far: True
        City Culture: ['diverse', 'Brewers', 'beer', 'fish fries', 'construction']
    
2026-01-13 21:21:22 | INFO | P01 | Generated formatted multi-line SUMMARY string.
2026-01-13 21:21:22 | INFO | P01 | Returning the str to the calling function.
2026-01-13 21:21:22 | INFO | P01 | 
    Descriptive Statistics for Snowfall (inches):
        Total snowfall: 21.90 inches
        TODO: Add your count of measurements below:
        Measurement Count: 5
        TODO: Add your minimum and maximum snowfall below:
        Maximum snowfall: 6.5
        Minimum snowfall: 2.5
        Average snowfall: 4.38 inches
        TODO: Add your standard deviation below:
        Standard Deviation of measurements: 1.604

    
2026-01-13 21:21:22 | INFO | P01 | END main()..................
2026-01-13 21:22:27 | INFO | P01 | =================
2026-01-13 21:22:27 | INFO | P01 | === RUN START ===
2026-01-13 21:22:27 | INFO | P01 | project=Foundations of Professional Python
2026-01-13 21:22:27 | INFO | P01 | repo_dir=datafun-01-utils-again
2026-01-13 21:22:27 | INFO | P01 | python=3.14.2
2026-01-13 21:22:27 | INFO | P01 | os=Windows 10
2026-01-13 21:22:27 | INFO | P01 | shell=powershell
2026-01-13 21:22:27 | INFO | P01 | cwd=.
2026-01-13 21:22:27 | INFO | P01 | github_actions=False
2026-01-13 21:22:27 | INFO | P01 | =================
2026-01-13 21:22:27 | INFO | P01 | START main()..................
2026-01-13 21:22:27 | INFO | P01 | Generated formatted multi-line SUMMARY string.
2026-01-13 21:22:27 | INFO | P01 | Returning the str to the calling function.
2026-01-13 21:22:27 | INFO | P01 | 
    Custom Information:
        Company name: DataFun Analytics
        Employee count: 150
        City: Milwaukee
        Population count: 563531
        Days until summer break from work: 155.5
        Summer is too far: True
        City Culture: ['diverse', 'Brewers', 'beer', 'fish fries', 'construction']
    
2026-01-13 21:22:27 | INFO | P01 | Generated formatted multi-line SUMMARY string.
2026-01-13 21:22:27 | INFO | P01 | Returning the str to the calling function.
2026-01-13 21:22:27 | INFO | P01 | 
    Descriptive Statistics for Snowfall (inches):
        Total snowfall: 21.90 inches
        Measurement Count: 5
        Maximum snowfall: 6.5 inches
        Minimum snowfall: 2.5 inches
        Average snowfall: 4.38 inches
        Standard Deviation of measurements: 1.604

    
2026-01-13 21:22:27 | INFO | P01 | END main()..................
